[
    {
        "name": "A\u00f1o Nuevo",
        "date": "2025-01-01"
    },
    {
        "name": "Epifan\u00eda del Se\u00f1or",
        "date": "2025-01-06"
    },
    {
        "name": "Viernes Santo",
        "date": "2025-04-18"
    },
    {
        "name": "Lunes de Pascua",
        "date": "2025-04-21"
    },
    {
        "name": "D\u00eda del Trabajador",
        "date": "2025-05-01"
    },
    {
        "name": "San Juan",
        "date": "2025-06-24"
    },
    {
        "name": "Asunci\u00f3n de la Virgen",
        "date": "2025-08-15"
    },
    {
        "name": "Fiesta Nacional de Catalu\u00f1a",
        "date": "2025-09-11"
    },
    {
        "name": "Fiesta Nacional de Espa\u00f1a",
        "date": "2025-10-12"
    },
    {
        "name": "Todos los Santos",
        "date": "2025-11-01"
    },
    {
        "name": "D\u00eda de la Constituci\u00f3n Espa\u00f1ola",
        "date": "2025-12-06"
    },
    {
        "name": "Inmaculada Concepci\u00f3n",
        "date": "2025-12-08"
    },
    {
        "name": "Navidad",
        "date": "2025-12-25"
    },
    {
        "name": "San Esteban",
        "date": "2025-12-26"
    }
]